// Vitest Snapshot v1, https://vitest.dev/guide/snapshot.html

exports[`input border > draws horizontal rules above and below the prompt without side borders 1`] = `
"────────────────────────────────────────────────────────────────────────────────────────────────────
❯
────────────────────────────────────────────────────────────────────────────────────────────────────"
`;
