// Vitest Snapshot v1, https://vitest.dev/guide/snapshot.html

exports[`picker overlays > keeps the panel inside a tiny terminal 1`] = `
"▔▔▔▔▔▔▔▔▔▔▔▔▔▔▔▔▔▔▔▔▔▔▔
 Select model
 Choose a Gemini model
 1. Gemini Flash
 Enter save · s · Esc"
`;

exports[`picker overlays > navigates generic lists with arrows, Home/End, PageUp/PageDown and Ctrl+N/P > paged list with hidden items 1`] = `
"↑ 4. Item 4
❯ 5. Item 5
  6. Item 6
  … +2 more"
`;

exports[`picker overlays > shows the current model inside an open, numbered panel with a compact footer 1`] = `
"
▔▔▔▔▔▔▔▔▔▔▔▔▔▔▔▔▔▔▔▔▔▔▔▔▔▔▔▔▔▔▔▔▔▔▔▔▔▔▔▔▔▔▔▔▔▔▔▔▔▔▔▔▔▔▔▔▔▔▔▔▔▔▔▔▔▔▔▔▔▔▔▔▔▔▔▔▔▔▔▔▔▔▔▔▔▔▔▔▔▔▔▔▔▔▔▔▔▔▔
   Select model
   Switch between Gemini models. Your pick becomes the default for new sessions. Press a for all
   models, or use /model <name>.

     1. Gemini 3.8 Flash       1M context · Best for complex coding tasks
     2. Gemini 3.7 Flash       1M context
     3. Gemini 3.6 Flash       1M context
     4. Gemini 3.5 Flash       1M context
     5. Gemini 3.5 Flash Lite  1M context
   ❯ 6. Gemini 2.5 Pro ✔       1M context

   ○ Effort not supported for Gemini 2.5 Pro

   Enter to set as default · s to use this session only · Esc to cancel"
`;
